// Jest Snapshot v1, https://goo.gl/fbAQLP

exports[`snapshot test 1`] = `
<DocumentFragment>
  <form
    class="AddItemForm"
  >
    <label
      for="name"
    >
      Name
    </label>
    <input
      name="name"
      type="text"
    />
    <label
      for="description"
    >
      Description
    </label>
    <input
      name="description"
      type="text"
    />
    <label
      for="recipe"
    >
      Recipe
    </label>
    <input
      name="recipe"
      type="text"
    />
    <label
      for="serve"
    >
      Serve
    </label>
    <input
      name="serve"
      type="text"
    />
    <button>
      Submit
    </button>
  </form>
</DocumentFragment>
`;
